// Jest Snapshot v1, https://goo.gl/fbAQLP

exports[`MyComponent should render my component 1`] = `
<p>
  Hello World!!
</p>
`;
